// Jest Snapshot v1, https://goo.gl/fbAQLP

exports[`Translate 1`] = `
<DocumentFragment>
  <div>
    foo bar baz
  </div>
</DocumentFragment>
`;
