// Jest Snapshot v1, https://goo.gl/fbAQLP

exports[`useTranslations() hook 1`] = `
<DocumentFragment>
  <div>
    foo bar baz
  </div>
</DocumentFragment>
`;
